ParsedConfigFile {
    directives: [
        ParsedConfigDirective {
            line_number: 1,
            name: [
                114,
                101,
                110,
                97,
                109,
                101,
                45,
                99,
                111,
                109,
                109,
                97,
                110,
                100,
            ],
            args: [
                [
                    67,
                    79,
                    78,
                    70,
                    73,
                    71,
                ],
                [],
            ],
        },
        ParsedConfigDirective {
            line_number: 2,
            name: [
                114,
                101,
                110,
                97,
                109,
                101,
                45,
                99,
                111,
                109,
                109,
                97,
                110,
                100,
            ],
            args: [
                [
                    70,
                    76,
                    85,
                    83,
                    72,
                    68,
                    66,
                ],
                [],
            ],
        },
    ],
}