ParsedConfigFile {
    directives: [
        ParsedConfigDirective {
            line_number: 1,
            name: [
                114,
                101,
                113,
                117,
                105,
                114,
                101,
                112,
                97,
                115,
                115,
            ],
            args: [
                [
                    109,
                    121,
                    32,
                    115,
                    101,
                    99,
                    114,
                    101,
                    116,
                    32,
                    112,
                    97,
                    115,
                    115,
                    119,
                    111,
                    114,
                    100,
                ],
            ],
        },
        ParsedConfigDirective {
            line_number: 2,
            name: [
                109,
                97,
                115,
                116,
                101,
                114,
                97,
                117,
                116,
                104,
            ],
            args: [
                [
                    97,
                    110,
                    111,
                    116,
                    104,
                    101,
                    114,
                    95,
                    112,
                    97,
                    115,
                    115,
                    119,
                    111,
                    114,
                    100,
                ],
            ],
        },
    ],
}