AofManifest {
    base: Some(
        AofManifestEntry {
            file_name: "appendonly.aof.2.base.rdb",
            file_seq: 2,
            file_type: Base,
        },
    ),
    history: [
        AofManifestEntry {
            file_name: "appendonly.aof.1.base.rdb",
            file_seq: 1,
            file_type: History,
        },
        AofManifestEntry {
            file_name: "appendonly.aof.1.incr.aof",
            file_seq: 1,
            file_type: History,
        },
    ],
    incremental: [
        AofManifestEntry {
            file_name: "appendonly.aof.2.incr.aof",
            file_seq: 2,
            file_type: Incremental,
        },
    ],
    curr_base_file_seq: 2,
    curr_incr_file_seq: 2,
}